node.exe : [33mThe CJ
S build of Vite's Node
 API is deprecated. Se
e https://vite.dev/gui
de/troubleshooting.htm
l#vite-cjs-node-api-de
precated for more deta
ils.[39m
所在位置 行:1 字符: 1
+ & "D:\Node.js/node.e
xe" "D:\Node.js/node_m
odules/npm/bin/npx-cli
.js"  ...
+ ~~~~~~~~~~~~~~~~~~~~
~~~~~~~~~~~~~~~~~~~~~~
~~~~~~~~~~~~~~~~~~~~~~
~~~~~
    + CategoryInfo    
          : NotSpeci  
  fied: ([33mThe C   
 JS bu...e details    
.[39m:String) []    ,
 RemoteException
    + FullyQualifiedE 
   rrorId : NativeCo  
  mmandError
 

[7m[1m[36m RUN [39m[22m[27m [36mv1.6.1[39m [90mE:/opencode project/subscription-manager1[39m

[90mstdout[2m | tests/utils/auth.test.ts[2m > [22m[2mAuth Service[2m > [22m[2mgenerateJWT and verifyJWT[2m > [22m[2m搴旇楠岃瘉鏈夋晥鐨?JWT token[22m[39m
[JWT] 楠岃瘉鎴愬姛锛岀敤鎴? testuser

[90mstdout[2m | tests/utils/auth.test.ts[2m > [22m[2mAuth Service[2m > [22m[2mgenerateJWT and verifyJWT[2m > [22m[2m搴旇鎷掔粷鏃犳晥鐨?JWT token[22m[39m
[JWT] 绛惧悕楠岃瘉澶辫触

[90mstdout[2m | tests/utils/auth.test.ts[2m > [22m[2mAuth Service[2m > [22m[2mgenerateJWT and verifyJWT[2m > [22m[2m搴旇鎷掔粷鏍煎紡閿欒鐨?JWT token[22m[39m
[JWT] Token鏍煎紡閿欒锛岄儴鍒嗘暟閲? [33m2[39m

[90mstdout[2m | tests/utils/auth.test.ts[2m > [22m[2mAuth Service[2m > [22m[2mgenerateJWT and verifyJWT[2m > [22m[2m搴旇涓虹┖ token 杩斿洖 null[22m[39m
[JWT] Token鎴朣ecret涓虹┖

 [33m鉂?[39m tests/utils/auth.test.ts [2m ([22m[2m17 tests[22m [2m|[22m [31m1 failed[39m [2m|[22m [33m2 skipped[39m[2m)[22m[33m 544[2mms[22m[39m
[31m   [33m鉂?[31m tests/utils/auth.test.ts[2m > [22mAuth Service[2m > [22mvalidateJWTSecret[2m > [22m32 瀛楃鐨勫瘑閽ュ簲璇ラ€氳繃楠岃瘉[39m
[31m     鈫?expected 30 to be greater than or equal to 32[39m

[31m鈳幆鈳幆鈳幆鈳?[1m[7
m Failed Tests 1 [27m
[22m鈳幆鈳幆鈳幆鈳?[39m

[31m[1m[7m FAIL [2
7m[22m[39m tests/uti
ls/auth.test.ts[2m > 
[22mAuth Service[2m 
> [22mvalidateJWTSecr
et[2m > [22m32 瀛楃鐨勫
瘑閽ュ簲璇ラ€氳繃楠岃瘉
[31m[1mAssertionErro
r[22m: expected 30 to
 be greater than or eq
ual to 32[39m
[36m [2m鉂?[22m tests
/utils/auth.test.ts:[
2m144:29[22m[39m
    [90m142| [39m   
 [34mit[39m([32m'32
 瀛楃鐨勫瘑閽ュ簲璇ラ€氳繃楠岃瘉'[3
9m[33m,[39m () [33m
=>[39m {
    [90m143| [39m   
   [35mconst[39m sec
ret [33m=[39m [32m'
1234567890123456789012
34567890'[39m[33m;[
39m
    [90m144| [39m   
   [34mexpect[39m(se
cret[33m.[39mlength)
[33m.[39m[34mtoBeGr
eaterThanOrEqual[39m(
[34m32[39m)[33m;[3
9m
    [90m   | [39m   
                      
   [31m^[39m
    [90m145| [39m   
 })[33m;[39m
    [90m146| [39m

[31m[2m鈳幆鈳幆鈳幆鈳幆鈳
幆鈳幆鈳幆鈳幆鈳幆鈳幆鈳幆鈳
幆[1/1]鈳?[22m[39m

[2m Test Files [22m [1m[31m1 failed[39m[22m[90m (1)[39m
[2m      Tests [22m [1m[31m1 failed[39m[22m[2m | [22m[1m[32m14 passed[39m[22m[2m | [22m[33m2 skipped[39m[90m (17)[39m
[2m   Start at [22m 13:52:00
[2m   Duration [22m 1.22s[2m (transform 70ms, setup 0ms, collect 135ms, tests 544ms, environment 0ms, prepare 151ms)[22m

